<?xml version="1.0"?>
<link_info>
   <banner>MSP430 Linker PC v16.12.0.STS</banner>
   <copyright>Copyright (c) 2003-2015 Texas Instruments Incorporated</copyright>
   <link_time>0x58f7df91</link_time>
   <link_errors>0x0</link_errors>
   <output_file>Command Line Interface Beta.out</output_file>
   <entry_point>
      <name>_c_int00_noargs_noexit</name>
      <address>0x45a4</address>
   </entry_point>
   <input_file_list>
      <input_file id="fl-2">
         <path>.\</path>
         <kind>object</kind>
         <file>CMD_JMP.obj</file>
         <name>CMD_JMP.obj</name>
      </input_file>
      <input_file id="fl-3">
         <path>.\</path>
         <kind>object</kind>
         <file>General_JMP.obj</file>
         <name>General_JMP.obj</name>
      </input_file>
      <input_file id="fl-4">
         <path>.\</path>
         <kind>object</kind>
         <file>MS5837-30BA.obj</file>
         <name>MS5837-30BA.obj</name>
      </input_file>
      <input_file id="fl-5">
         <path>.\</path>
         <kind>object</kind>
         <file>Motors_JMP.obj</file>
         <name>Motors_JMP.obj</name>
      </input_file>
      <input_file id="fl-6">
         <path>.\</path>
         <kind>object</kind>
         <file>Serial_JMPv2.2.obj</file>
         <name>Serial_JMPv2.2.obj</name>
      </input_file>
      <input_file id="fl-7">
         <path>.\</path>
         <kind>object</kind>
         <file>main.obj</file>
         <name>main.obj</name>
      </input_file>
      <input_file id="fl-28">
         <path>C:\ti\ccsv7\tools\compiler\ti-cgt-msp430_16.12.0.STS\lib\</path>
         <kind>archive</kind>
         <file>rts430x_lc_rd_eabi.lib</file>
         <name>abs.obj</name>
      </input_file>
      <input_file id="fl-29">
         <path>C:\ti\ccsv7\tools\compiler\ti-cgt-msp430_16.12.0.STS\lib\</path>
         <kind>archive</kind>
         <file>rts430x_lc_rd_eabi.lib</file>
         <name>asr32.obj</name>
      </input_file>
      <input_file id="fl-2a">
         <path>C:\ti\ccsv7\tools\compiler\ti-cgt-msp430_16.12.0.STS\lib\</path>
         <kind>archive</kind>
         <file>rts430x_lc_rd_eabi.lib</file>
         <name>boot.obj</name>
      </input_file>
      <input_file id="fl-2b">
         <path>C:\ti\ccsv7\tools\compiler\ti-cgt-msp430_16.12.0.STS\lib\</path>
         <kind>archive</kind>
         <file>rts430x_lc_rd_eabi.lib</file>
         <name>boot_special.obj</name>
      </input_file>
      <input_file id="fl-2c">
         <path>C:\ti\ccsv7\tools\compiler\ti-cgt-msp430_16.12.0.STS\lib\</path>
         <kind>archive</kind>
         <file>rts430x_lc_rd_eabi.lib</file>
         <name>copy_decompress_lzss.obj</name>
      </input_file>
      <input_file id="fl-2d">
         <path>C:\ti\ccsv7\tools\compiler\ti-cgt-msp430_16.12.0.STS\lib\</path>
         <kind>archive</kind>
         <file>rts430x_lc_rd_eabi.lib</file>
         <name>copy_decompress_none.obj</name>
      </input_file>
      <input_file id="fl-2e">
         <path>C:\ti\ccsv7\tools\compiler\ti-cgt-msp430_16.12.0.STS\lib\</path>
         <kind>archive</kind>
         <file>rts430x_lc_rd_eabi.lib</file>
         <name>copy_zero_init.obj</name>
      </input_file>
      <input_file id="fl-2f">
         <path>C:\ti\ccsv7\tools\compiler\ti-cgt-msp430_16.12.0.STS\lib\</path>
         <kind>archive</kind>
         <file>rts430x_lc_rd_eabi.lib</file>
         <name>cvtdf.obj</name>
      </input_file>
      <input_file id="fl-30">
         <path>C:\ti\ccsv7\tools\compiler\ti-cgt-msp430_16.12.0.STS\lib\</path>
         <kind>archive</kind>
         <file>rts430x_lc_rd_eabi.lib</file>
         <name>div16s.obj</name>
      </input_file>
      <input_file id="fl-31">
         <path>C:\ti\ccsv7\tools\compiler\ti-cgt-msp430_16.12.0.STS\lib\</path>
         <kind>archive</kind>
         <file>rts430x_lc_rd_eabi.lib</file>
         <name>div16u.obj</name>
      </input_file>
      <input_file id="fl-32">
         <path>C:\ti\ccsv7\tools\compiler\ti-cgt-msp430_16.12.0.STS\lib\</path>
         <kind>archive</kind>
         <file>rts430x_lc_rd_eabi.lib</file>
         <name>div32u.obj</name>
      </input_file>
      <input_file id="fl-33">
         <path>C:\ti\ccsv7\tools\compiler\ti-cgt-msp430_16.12.0.STS\lib\</path>
         <kind>archive</kind>
         <file>rts430x_lc_rd_eabi.lib</file>
         <name>divd.obj</name>
      </input_file>
      <input_file id="fl-34">
         <path>C:\ti\ccsv7\tools\compiler\ti-cgt-msp430_16.12.0.STS\lib\</path>
         <kind>archive</kind>
         <file>rts430x_lc_rd_eabi.lib</file>
         <name>exit.obj</name>
      </input_file>
      <input_file id="fl-35">
         <path>C:\ti\ccsv7\tools\compiler\ti-cgt-msp430_16.12.0.STS\lib\</path>
         <kind>archive</kind>
         <file>rts430x_lc_rd_eabi.lib</file>
         <name>exit_gvars.obj</name>
      </input_file>
      <input_file id="fl-36">
         <path>C:\ti\ccsv7\tools\compiler\ti-cgt-msp430_16.12.0.STS\lib\</path>
         <kind>archive</kind>
         <file>rts430x_lc_rd_eabi.lib</file>
         <name>fltid.obj</name>
      </input_file>
      <input_file id="fl-37">
         <path>C:\ti\ccsv7\tools\compiler\ti-cgt-msp430_16.12.0.STS\lib\</path>
         <kind>archive</kind>
         <file>rts430x_lc_rd_eabi.lib</file>
         <name>fltlid.obj</name>
      </input_file>
      <input_file id="fl-38">
         <path>C:\ti\ccsv7\tools\compiler\ti-cgt-msp430_16.12.0.STS\lib\</path>
         <kind>archive</kind>
         <file>rts430x_lc_rd_eabi.lib</file>
         <name>frcdivd.obj</name>
      </input_file>
      <input_file id="fl-39">
         <path>C:\ti\ccsv7\tools\compiler\ti-cgt-msp430_16.12.0.STS\lib\</path>
         <kind>archive</kind>
         <file>rts430x_lc_rd_eabi.lib</file>
         <name>fs_add.obj</name>
      </input_file>
      <input_file id="fl-3a">
         <path>C:\ti\ccsv7\tools\compiler\ti-cgt-msp430_16.12.0.STS\lib\</path>
         <kind>archive</kind>
         <file>rts430x_lc_rd_eabi.lib</file>
         <name>fs_itof.obj</name>
      </input_file>
      <input_file id="fl-3b">
         <path>C:\ti\ccsv7\tools\compiler\ti-cgt-msp430_16.12.0.STS\lib\</path>
         <kind>archive</kind>
         <file>rts430x_lc_rd_eabi.lib</file>
         <name>fs_mpy.obj</name>
      </input_file>
      <input_file id="fl-3c">
         <path>C:\ti\ccsv7\tools\compiler\ti-cgt-msp430_16.12.0.STS\lib\</path>
         <kind>archive</kind>
         <file>rts430x_lc_rd_eabi.lib</file>
         <name>fs_toi.obj</name>
      </input_file>
      <input_file id="fl-3d">
         <path>C:\ti\ccsv7\tools\compiler\ti-cgt-msp430_16.12.0.STS\lib\</path>
         <kind>archive</kind>
         <file>rts430x_lc_rd_eabi.lib</file>
         <name>int41.obj</name>
      </input_file>
      <input_file id="fl-3e">
         <path>C:\ti\ccsv7\tools\compiler\ti-cgt-msp430_16.12.0.STS\lib\</path>
         <kind>archive</kind>
         <file>rts430x_lc_rd_eabi.lib</file>
         <name>int42.obj</name>
      </input_file>
      <input_file id="fl-3f">
         <path>C:\ti\ccsv7\tools\compiler\ti-cgt-msp430_16.12.0.STS\lib\</path>
         <kind>archive</kind>
         <file>rts430x_lc_rd_eabi.lib</file>
         <name>int43.obj</name>
      </input_file>
      <input_file id="fl-40">
         <path>C:\ti\ccsv7\tools\compiler\ti-cgt-msp430_16.12.0.STS\lib\</path>
         <kind>archive</kind>
         <file>rts430x_lc_rd_eabi.lib</file>
         <name>int44.obj</name>
      </input_file>
      <input_file id="fl-41">
         <path>C:\ti\ccsv7\tools\compiler\ti-cgt-msp430_16.12.0.STS\lib\</path>
         <kind>archive</kind>
         <file>rts430x_lc_rd_eabi.lib</file>
         <name>int45.obj</name>
      </input_file>
      <input_file id="fl-42">
         <path>C:\ti\ccsv7\tools\compiler\ti-cgt-msp430_16.12.0.STS\lib\</path>
         <kind>archive</kind>
         <file>rts430x_lc_rd_eabi.lib</file>
         <name>int47.obj</name>
      </input_file>
      <input_file id="fl-43">
         <path>C:\ti\ccsv7\tools\compiler\ti-cgt-msp430_16.12.0.STS\lib\</path>
         <kind>archive</kind>
         <file>rts430x_lc_rd_eabi.lib</file>
         <name>int48.obj</name>
      </input_file>
      <input_file id="fl-44">
         <path>C:\ti\ccsv7\tools\compiler\ti-cgt-msp430_16.12.0.STS\lib\</path>
         <kind>archive</kind>
         <file>rts430x_lc_rd_eabi.lib</file>
         <name>int49.obj</name>
      </input_file>
      <input_file id="fl-45">
         <path>C:\ti\ccsv7\tools\compiler\ti-cgt-msp430_16.12.0.STS\lib\</path>
         <kind>archive</kind>
         <file>rts430x_lc_rd_eabi.lib</file>
         <name>int50.obj</name>
      </input_file>
      <input_file id="fl-46">
         <path>C:\ti\ccsv7\tools\compiler\ti-cgt-msp430_16.12.0.STS\lib\</path>
         <kind>archive</kind>
         <file>rts430x_lc_rd_eabi.lib</file>
         <name>int51.obj</name>
      </input_file>
      <input_file id="fl-47">
         <path>C:\ti\ccsv7\tools\compiler\ti-cgt-msp430_16.12.0.STS\lib\</path>
         <kind>archive</kind>
         <file>rts430x_lc_rd_eabi.lib</file>
         <name>int52.obj</name>
      </input_file>
      <input_file id="fl-48">
         <path>C:\ti\ccsv7\tools\compiler\ti-cgt-msp430_16.12.0.STS\lib\</path>
         <kind>archive</kind>
         <file>rts430x_lc_rd_eabi.lib</file>
         <name>int53.obj</name>
      </input_file>
      <input_file id="fl-49">
         <path>C:\ti\ccsv7\tools\compiler\ti-cgt-msp430_16.12.0.STS\lib\</path>
         <kind>archive</kind>
         <file>rts430x_lc_rd_eabi.lib</file>
         <name>int54.obj</name>
      </input_file>
      <input_file id="fl-4a">
         <path>C:\ti\ccsv7\tools\compiler\ti-cgt-msp430_16.12.0.STS\lib\</path>
         <kind>archive</kind>
         <file>rts430x_lc_rd_eabi.lib</file>
         <name>int57.obj</name>
      </input_file>
      <input_file id="fl-4b">
         <path>C:\ti\ccsv7\tools\compiler\ti-cgt-msp430_16.12.0.STS\lib\</path>
         <kind>archive</kind>
         <file>rts430x_lc_rd_eabi.lib</file>
         <name>int58.obj</name>
      </input_file>
      <input_file id="fl-4c">
         <path>C:\ti\ccsv7\tools\compiler\ti-cgt-msp430_16.12.0.STS\lib\</path>
         <kind>archive</kind>
         <file>rts430x_lc_rd_eabi.lib</file>
         <name>int60.obj</name>
      </input_file>
      <input_file id="fl-4d">
         <path>C:\ti\ccsv7\tools\compiler\ti-cgt-msp430_16.12.0.STS\lib\</path>
         <kind>archive</kind>
         <file>rts430x_lc_rd_eabi.lib</file>
         <name>int61.obj</name>
      </input_file>
      <input_file id="fl-4e">
         <path>C:\ti\ccsv7\tools\compiler\ti-cgt-msp430_16.12.0.STS\lib\</path>
         <kind>archive</kind>
         <file>rts430x_lc_rd_eabi.lib</file>
         <name>int62.obj</name>
      </input_file>
      <input_file id="fl-4f">
         <path>C:\ti\ccsv7\tools\compiler\ti-cgt-msp430_16.12.0.STS\lib\</path>
         <kind>archive</kind>
         <file>rts430x_lc_rd_eabi.lib</file>
         <name>isr_trap.obj</name>
      </input_file>
      <input_file id="fl-50">
         <path>C:\ti\ccsv7\tools\compiler\ti-cgt-msp430_16.12.0.STS\lib\</path>
         <kind>archive</kind>
         <file>rts430x_lc_rd_eabi.lib</file>
         <name>lsl32.obj</name>
      </input_file>
      <input_file id="fl-51">
         <path>C:\ti\ccsv7\tools\compiler\ti-cgt-msp430_16.12.0.STS\lib\</path>
         <kind>archive</kind>
         <file>rts430x_lc_rd_eabi.lib</file>
         <name>lsr32.obj</name>
      </input_file>
      <input_file id="fl-52">
         <path>C:\ti\ccsv7\tools\compiler\ti-cgt-msp430_16.12.0.STS\lib\</path>
         <kind>archive</kind>
         <file>rts430x_lc_rd_eabi.lib</file>
         <name>lsr64.obj</name>
      </input_file>
      <input_file id="fl-53">
         <path>C:\ti\ccsv7\tools\compiler\ti-cgt-msp430_16.12.0.STS\lib\</path>
         <kind>archive</kind>
         <file>rts430x_lc_rd_eabi.lib</file>
         <name>memcpy.obj</name>
      </input_file>
      <input_file id="fl-54">
         <path>C:\ti\ccsv7\tools\compiler\ti-cgt-msp430_16.12.0.STS\lib\</path>
         <kind>archive</kind>
         <file>rts430x_lc_rd_eabi.lib</file>
         <name>memory.obj</name>
      </input_file>
      <input_file id="fl-55">
         <path>C:\ti\ccsv7\tools\compiler\ti-cgt-msp430_16.12.0.STS\lib\</path>
         <kind>archive</kind>
         <file>rts430x_lc_rd_eabi.lib</file>
         <name>mpu_init.obj</name>
      </input_file>
      <input_file id="fl-56">
         <path>C:\ti\ccsv7\tools\compiler\ti-cgt-msp430_16.12.0.STS\lib\</path>
         <kind>archive</kind>
         <file>rts430x_lc_rd_eabi.lib</file>
         <name>mpyd.obj</name>
      </input_file>
      <input_file id="fl-57">
         <path>C:\ti\ccsv7\tools\compiler\ti-cgt-msp430_16.12.0.STS\lib\</path>
         <kind>archive</kind>
         <file>rts430x_lc_rd_eabi.lib</file>
         <name>mult16.obj</name>
      </input_file>
      <input_file id="fl-58">
         <path>C:\ti\ccsv7\tools\compiler\ti-cgt-msp430_16.12.0.STS\lib\</path>
         <kind>archive</kind>
         <file>rts430x_lc_rd_eabi.lib</file>
         <name>mult1632_f5hw.obj</name>
      </input_file>
      <input_file id="fl-59">
         <path>C:\ti\ccsv7\tools\compiler\ti-cgt-msp430_16.12.0.STS\lib\</path>
         <kind>archive</kind>
         <file>rts430x_lc_rd_eabi.lib</file>
         <name>mult16_f5hw.obj</name>
      </input_file>
      <input_file id="fl-5a">
         <path>C:\ti\ccsv7\tools\compiler\ti-cgt-msp430_16.12.0.STS\lib\</path>
         <kind>archive</kind>
         <file>rts430x_lc_rd_eabi.lib</file>
         <name>mult32.obj</name>
      </input_file>
      <input_file id="fl-5b">
         <path>C:\ti\ccsv7\tools\compiler\ti-cgt-msp430_16.12.0.STS\lib\</path>
         <kind>archive</kind>
         <file>rts430x_lc_rd_eabi.lib</file>
         <name>mult3264_f5hw.obj</name>
      </input_file>
      <input_file id="fl-5c">
         <path>C:\ti\ccsv7\tools\compiler\ti-cgt-msp430_16.12.0.STS\lib\</path>
         <kind>archive</kind>
         <file>rts430x_lc_rd_eabi.lib</file>
         <name>mult32_f5hw.obj</name>
      </input_file>
      <input_file id="fl-5d">
         <path>C:\ti\ccsv7\tools\compiler\ti-cgt-msp430_16.12.0.STS\lib\</path>
         <kind>archive</kind>
         <file>rts430x_lc_rd_eabi.lib</file>
         <name>mult64.obj</name>
      </input_file>
      <input_file id="fl-5e">
         <path>C:\ti\ccsv7\tools\compiler\ti-cgt-msp430_16.12.0.STS\lib\</path>
         <kind>archive</kind>
         <file>rts430x_lc_rd_eabi.lib</file>
         <name>mult64_f5hw.obj</name>
      </input_file>
      <input_file id="fl-5f">
         <path>C:\ti\ccsv7\tools\compiler\ti-cgt-msp430_16.12.0.STS\lib\</path>
         <kind>archive</kind>
         <file>rts430x_lc_rd_eabi.lib</file>
         <name>pre_init.obj</name>
      </input_file>
      <input_file id="fl-60">
         <path>C:\ti\ccsv7\tools\compiler\ti-cgt-msp430_16.12.0.STS\lib\</path>
         <kind>archive</kind>
         <file>rts430x_lc_rd_eabi.lib</file>
         <name>strlen.obj</name>
      </input_file>
      <input_file id="fl-61">
         <path>C:\ti\ccsv7\tools\compiler\ti-cgt-msp430_16.12.0.STS\lib\</path>
         <kind>archive</kind>
         <file>rts430x_lc_rd_eabi.lib</file>
         <name>subd.obj</name>
      </input_file>
      <input_file id="fl-62">
         <path>C:\ti\ccsv7\tools\compiler\ti-cgt-msp430_16.12.0.STS\lib\</path>
         <kind>archive</kind>
         <file>rts430x_lc_rd_eabi.lib</file>
         <name>_lock.obj</name>
      </input_file>
      <input_file id="fl-63">
         <path>C:\ti\ccsv7\tools\compiler\ti-cgt-msp430_16.12.0.STS\lib\</path>
         <kind>archive</kind>
         <file>rts430x_lc_rd_eabi.lib</file>
         <name>addd.obj</name>
      </input_file>
      <input_file id="fl-64">
         <path>C:\ti\ccsv7\tools\compiler\ti-cgt-msp430_16.12.0.STS\lib\</path>
         <kind>archive</kind>
         <file>rts430x_lc_rd_eabi.lib</file>
         <name>args_main.obj</name>
      </input_file>
      <input_file id="fl-65">
         <path>C:\ti\ccsv7\tools\compiler\ti-cgt-msp430_16.12.0.STS\lib\</path>
         <kind>archive</kind>
         <file>rts430x_lc_rd_eabi.lib</file>
         <name>autoinit_wdt.obj</name>
      </input_file>
      <input_file id="fl-66">
         <path>C:\ti\ccsv7\tools\compiler\ti-cgt-msp430_16.12.0.STS\lib\</path>
         <kind>archive</kind>
         <file>rts430x_lc_rd_eabi.lib</file>
         <name>cpy_tbl.obj</name>
      </input_file>
      <input_file id="fl-67">
         <path>C:\ti\ccsv7\tools\compiler\ti-cgt-msp430_16.12.0.STS\lib\</path>
         <kind>archive</kind>
         <file>rts430x_lc_rd_eabi.lib</file>
         <name>frcaddd.obj</name>
      </input_file>
      <input_file id="fl-68">
         <path>C:\ti\ccsv7\tools\compiler\ti-cgt-msp430_16.12.0.STS\lib\</path>
         <kind>archive</kind>
         <file>rts430x_lc_rd_eabi.lib</file>
         <name>frcmpyd.obj</name>
      </input_file>
      <input_file id="fl-69">
         <path>C:\ti\ccsv7\tools\compiler\ti-cgt-msp430_16.12.0.STS\lib\</path>
         <kind>archive</kind>
         <file>rts430x_lc_rd_eabi.lib</file>
         <name>mult1632.obj</name>
      </input_file>
      <input_file id="fl-6a">
         <path>C:\ti\ccsv7\tools\compiler\ti-cgt-msp430_16.12.0.STS\lib\</path>
         <kind>archive</kind>
         <file>rts430x_lc_rd_eabi.lib</file>
         <name>renormd.obj</name>
      </input_file>
      <input_file id="fl-6b">
         <path>C:\ti\ccsv7\tools\compiler\ti-cgt-msp430_16.12.0.STS\lib\</path>
         <kind>archive</kind>
         <file>rts430x_lc_rd_eabi.lib</file>
         <name>startup.obj</name>
      </input_file>
   </input_file_list>
   <object_component_list>
      <object_component id="oc-5ef">
         <name>.bss</name>
         <uninitialized>true</uninitialized>
         <run_address>0x24b6</run_address>
         <size>0xa</size>
         <input_file_ref idref="fl-54"/>
      </object_component>
      <object_component id="oc-460">
         <name>.common:delayC</name>
         <uninitialized>true</uninitialized>
         <run_address>0x250e</run_address>
         <size>0x1</size>
      </object_component>
      <object_component id="oc-463">
         <name>.common:timeExcedded</name>
         <uninitialized>true</uninitialized>
         <run_address>0x24f0</run_address>
         <size>0x4</size>
      </object_component>
      <object_component id="oc-664">
         <name>.common:C1</name>
         <uninitialized>true</uninitialized>
         <run_address>0x24fc</run_address>
         <size>0x2</size>
      </object_component>
      <object_component id="oc-665">
         <name>.common:C2</name>
         <uninitialized>true</uninitialized>
         <run_address>0x24fe</run_address>
         <size>0x2</size>
      </object_component>
      <object_component id="oc-666">
         <name>.common:C3</name>
         <uninitialized>true</uninitialized>
         <run_address>0x2500</run_address>
         <size>0x2</size>
      </object_component>
      <object_component id="oc-667">
         <name>.common:C4</name>
         <uninitialized>true</uninitialized>
         <run_address>0x2502</run_address>
         <size>0x2</size>
      </object_component>
      <object_component id="oc-668">
         <name>.common:C5</name>
         <uninitialized>true</uninitialized>
         <run_address>0x2504</run_address>
         <size>0x2</size>
      </object_component>
      <object_component id="oc-669">
         <name>.common:C6</name>
         <uninitialized>true</uninitialized>
         <run_address>0x2506</run_address>
         <size>0x2</size>
      </object_component>
      <object_component id="oc-66b">
         <name>.common:D1</name>
         <uninitialized>true</uninitialized>
         <run_address>0x24c8</run_address>
         <size>0x4</size>
      </object_component>
      <object_component id="oc-66c">
         <name>.common:D2</name>
         <uninitialized>true</uninitialized>
         <run_address>0x24cc</run_address>
         <size>0x4</size>
      </object_component>
      <object_component id="oc-66e">
         <name>.common:dT</name>
         <uninitialized>true</uninitialized>
         <run_address>0x24e8</run_address>
         <size>0x4</size>
      </object_component>
      <object_component id="oc-674">
         <name>.common:TEMP</name>
         <uninitialized>true</uninitialized>
         <run_address>0x24dc</run_address>
         <size>0x4</size>
      </object_component>
      <object_component id="oc-67a">
         <name>.common:OFF</name>
         <uninitialized>true</uninitialized>
         <run_address>0x24d0</run_address>
         <size>0x4</size>
      </object_component>
      <object_component id="oc-680">
         <name>.common:SENS</name>
         <uninitialized>true</uninitialized>
         <run_address>0x24d8</run_address>
         <size>0x4</size>
      </object_component>
      <object_component id="oc-5be">
         <name>.common:P</name>
         <uninitialized>true</uninitialized>
         <run_address>0x24d4</run_address>
         <size>0x4</size>
      </object_component>
      <object_component id="oc-65d">
         <name>.common:I2C_buffer</name>
         <uninitialized>true</uninitialized>
         <run_address>0x24c0</run_address>
         <size>0x8</size>
      </object_component>
      <object_component id="oc-45e">
         <name>.common:UARTBuff</name>
         <uninitialized>true</uninitialized>
         <run_address>0x24e0</run_address>
         <size>0x4</size>
      </object_component>
      <object_component id="oc-44e">
         <name>.common:USBBuff</name>
         <uninitialized>true</uninitialized>
         <run_address>0x24e4</run_address>
         <size>0x4</size>
      </object_component>
      <object_component id="oc-454">
         <name>.common:transactionComplete</name>
         <uninitialized>true</uninitialized>
         <run_address>0x24f4</run_address>
         <size>0x4</size>
      </object_component>
      <object_component id="oc-45c">
         <name>.common:txAddress</name>
         <uninitialized>true</uninitialized>
         <run_address>0x2510</run_address>
         <size>0x1</size>
      </object_component>
      <object_component id="oc-45b">
         <name>.common:txData</name>
         <uninitialized>true</uninitialized>
         <run_address>0x24f8</run_address>
         <size>0x4</size>
      </object_component>
      <object_component id="oc-458">
         <name>.common:rxDest</name>
         <uninitialized>true</uninitialized>
         <run_address>0x24ec</run_address>
         <size>0x4</size>
      </object_component>
      <object_component id="oc-457">
         <name>.common:rxByteCtr</name>
         <uninitialized>true</uninitialized>
         <run_address>0x250f</run_address>
         <size>0x1</size>
      </object_component>
      <object_component id="oc-45a">
         <name>.common:txByteCtr</name>
         <uninitialized>true</uninitialized>
         <run_address>0x250a</run_address>
         <size>0x2</size>
      </object_component>
      <object_component id="oc-459">
         <name>.common:txLength</name>
         <uninitialized>true</uninitialized>
         <run_address>0x250c</run_address>
         <size>0x2</size>
      </object_component>
      <object_component id="oc-456">
         <name>.common:rx</name>
         <uninitialized>true</uninitialized>
         <run_address>0x2508</run_address>
         <size>0x2</size>
      </object_component>
      <object_component id="oc-4b3">
         <name>.common:status</name>
         <uninitialized>true</uninitialized>
         <run_address>0x24a0</run_address>
         <size>0x16</size>
      </object_component>
      <object_component id="oc-451">
         <name>.data</name>
         <load_address>0x2512</load_address>
         <run_address>0x2512</run_address>
         <size>0x5</size>
         <input_file_ref idref="fl-6"/>
      </object_component>
      <object_component id="oc-5e6">
         <name>.data</name>
         <load_address>0x2520</load_address>
         <run_address>0x2520</run_address>
         <size>0x2</size>
         <input_file_ref idref="fl-54"/>
      </object_component>
      <object_component id="oc-480">
         <name>.data:_lock</name>
         <load_address>0x2518</load_address>
         <run_address>0x2518</run_address>
         <size>0x4</size>
         <input_file_ref idref="fl-62"/>
      </object_component>
      <object_component id="oc-489">
         <name>.data:_unlock</name>
         <load_address>0x251c</load_address>
         <run_address>0x251c</run_address>
         <size>0x4</size>
         <input_file_ref idref="fl-62"/>
      </object_component>
      <object_component id="oc-3c1">
         <name>.sysmem</name>
         <uninitialized>true</uninitialized>
         <run_address>0x2400</run_address>
         <size>0x6</size>
         <input_file_ref idref="fl-54"/>
      </object_component>
      <object_component id="oc-764">
         <name>.sysmem</name>
         <uninitialized>true</uninitialized>
         <run_address>0x2400</run_address>
         <size>0x0</size>
      </object_component>
      <object_component id="oc-3bd">
         <name>.stack</name>
         <uninitialized>true</uninitialized>
         <run_address>0x4360</run_address>
         <size>0x4</size>
         <input_file_ref idref="fl-2a"/>
      </object_component>
      <object_component id="oc-763">
         <name>.stack</name>
         <uninitialized>true</uninitialized>
         <run_address>0x4360</run_address>
         <size>0x0</size>
      </object_component>
      <object_component id="oc-616">
         <name>.text:__TI_frcdivd</name>
         <load_address>0x10000</load_address>
         <run_address>0x10000</run_address>
         <size>0x478</size>
         <input_file_ref idref="fl-38"/>
      </object_component>
      <object_component id="oc-61e">
         <name>.text:__mspabi_addd</name>
         <load_address>0x10478</load_address>
         <run_address>0x10478</run_address>
         <size>0x2d8</size>
         <input_file_ref idref="fl-63"/>
      </object_component>
      <object_component id="oc-420">
         <name>.text:main</name>
         <load_address>0x10750</load_address>
         <run_address>0x10750</run_address>
         <size>0x28c</size>
         <input_file_ref idref="fl-7"/>
      </object_component>
      <object_component id="oc-609">
         <name>.text:__TI_frcmpyd</name>
         <load_address>0x109dc</load_address>
         <run_address>0x109dc</run_address>
         <size>0x286</size>
         <input_file_ref idref="fl-68"/>
      </object_component>
      <object_component id="oc-517">
         <name>.text:__mspabi_mpyd</name>
         <load_address>0x10c62</load_address>
         <run_address>0x10c62</run_address>
         <size>0x282</size>
         <input_file_ref idref="fl-56"/>
      </object_component>
      <object_component id="oc-6a4">
         <name>.text:__TI_frcaddd</name>
         <load_address>0x10ee4</load_address>
         <run_address>0x10ee4</run_address>
         <size>0x252</size>
         <input_file_ref idref="fl-67"/>
      </object_component>
      <object_component id="oc-51d">
         <name>.text:__mspabi_divd</name>
         <load_address>0x11136</load_address>
         <run_address>0x11136</run_address>
         <size>0x222</size>
         <input_file_ref idref="fl-33"/>
      </object_component>
      <object_component id="oc-5b7">
         <name>.text:calculate_pressure</name>
         <load_address>0x11358</load_address>
         <run_address>0x11358</run_address>
         <size>0x200</size>
         <input_file_ref idref="fl-4"/>
      </object_component>
      <object_component id="oc-52f">
         <name>.text</name>
         <load_address>0x11558</load_address>
         <run_address>0x11558</run_address>
         <size>0x132</size>
         <input_file_ref idref="fl-39"/>
      </object_component>
      <object_component id="oc-5aa">
         <name>.text:read_factory_calibration</name>
         <load_address>0x1168a</load_address>
         <run_address>0x1168a</run_address>
         <size>0xda</size>
         <input_file_ref idref="fl-4"/>
      </object_component>
      <object_component id="oc-4f8">
         <name>.text:malloc</name>
         <load_address>0x11764</load_address>
         <run_address>0x11764</run_address>
         <size>0xbc</size>
         <input_file_ref idref="fl-54"/>
      </object_component>
      <object_component id="oc-539">
         <name>.text</name>
         <load_address>0x11820</load_address>
         <run_address>0x11820</run_address>
         <size>0xb8</size>
         <input_file_ref idref="fl-3b"/>
      </object_component>
      <object_component id="oc-6d9">
         <name>.text:__TI_renormd</name>
         <load_address>0x118d8</load_address>
         <run_address>0x118d8</run_address>
         <size>0xb2</size>
         <input_file_ref idref="fl-6a"/>
      </object_component>
      <object_component id="oc-543">
         <name>.text:MOTOR_speed</name>
         <load_address>0x1198a</load_address>
         <run_address>0x1198a</run_address>
         <size>0xaa</size>
         <input_file_ref idref="fl-5"/>
      </object_component>
      <object_component id="oc-4e6">
         <name>.text:depthSetPoint</name>
         <load_address>0x11a34</load_address>
         <run_address>0x11a34</run_address>
         <size>0xaa</size>
         <input_file_ref idref="fl-7"/>
      </object_component>
      <object_component id="oc-5b1">
         <name>.text:read_conversions</name>
         <load_address>0x11ade</load_address>
         <run_address>0x11ade</run_address>
         <size>0xa6</size>
         <input_file_ref idref="fl-4"/>
      </object_component>
      <object_component id="oc-48f">
         <name>.text:USB_setup</name>
         <load_address>0x11b84</load_address>
         <run_address>0x11b84</run_address>
         <size>0xa2</size>
         <input_file_ref idref="fl-6"/>
      </object_component>
      <object_component id="oc-602">
         <name>.text:__mspabi_fltlid</name>
         <load_address>0x11c26</load_address>
         <run_address>0x11c26</run_address>
         <size>0x9e</size>
         <input_file_ref idref="fl-37"/>
      </object_component>
      <object_component id="oc-549">
         <name>.text:USB_print_float</name>
         <load_address>0x11cc4</load_address>
         <run_address>0x11cc4</run_address>
         <size>0x98</size>
         <input_file_ref idref="fl-6"/>
      </object_component>
      <object_component id="oc-49b">
         <name>.text:MOTOR_ultra_setup</name>
         <load_address>0x11d5c</load_address>
         <run_address>0x11d5c</run_address>
         <size>0x8e</size>
         <input_file_ref idref="fl-5"/>
      </object_component>
      <object_component id="oc-529">
         <name>.text:__mspabi_cvtdf</name>
         <load_address>0x11dea</load_address>
         <run_address>0x11dea</run_address>
         <size>0x8c</size>
         <input_file_ref idref="fl-2f"/>
      </object_component>
      <object_component id="oc-406">
         <name>.text:_auto_init_hold_wdt</name>
         <load_address>0x11e76</load_address>
         <run_address>0x11e76</run_address>
         <size>0x82</size>
         <input_file_ref idref="fl-65"/>
      </object_component>
      <object_component id="oc-6d">
         <name>.text:decompress:lzss:__TI_decompress_lzss</name>
         <load_address>0x11ef8</load_address>
         <run_address>0x11ef8</run_address>
         <size>0x78</size>
         <input_file_ref idref="fl-2c"/>
      </object_component>
      <object_component id="oc-636">
         <name>.text:itoa</name>
         <load_address>0x11f70</load_address>
         <run_address>0x11f70</run_address>
         <size>0x6a</size>
         <input_file_ref idref="fl-3"/>
      </object_component>
      <object_component id="oc-53e">
         <name>.text</name>
         <load_address>0x11fda</load_address>
         <run_address>0x11fda</run_address>
         <size>0x68</size>
         <input_file_ref idref="fl-3c"/>
      </object_component>
      <object_component id="oc-468">
         <name>.text:copy_in</name>
         <load_address>0x12042</load_address>
         <run_address>0x12042</run_address>
         <size>0x66</size>
         <input_file_ref idref="fl-66"/>
      </object_component>
      <object_component id="oc-495">
         <name>.text:I2C_setup</name>
         <load_address>0x120a8</load_address>
         <run_address>0x120a8</run_address>
         <size>0x60</size>
         <input_file_ref idref="fl-6"/>
      </object_component>
      <object_component id="oc-681">
         <name>.text:__mpyll</name>
         <load_address>0x12108</load_address>
         <run_address>0x12108</run_address>
         <size>0x5c</size>
         <input_file_ref idref="fl-5e"/>
      </object_component>
      <object_component id="oc-65e">
         <name>.text:I2C_read</name>
         <load_address>0x12164</load_address>
         <run_address>0x12164</run_address>
         <size>0x4c</size>
         <input_file_ref idref="fl-6"/>
      </object_component>
      <object_component id="oc-6b5">
         <name>.text:reverse</name>
         <load_address>0x121b0</load_address>
         <run_address>0x121b0</run_address>
         <size>0x46</size>
         <input_file_ref idref="fl-3"/>
      </object_component>
      <object_component id="oc-5e9">
         <name>.text:minit</name>
         <load_address>0x121f6</load_address>
         <run_address>0x121f6</run_address>
         <size>0x42</size>
         <input_file_ref idref="fl-54"/>
      </object_component>
      <object_component id="oc-54f">
         <name>.text:USB_print_value</name>
         <load_address>0x12238</load_address>
         <run_address>0x12238</run_address>
         <size>0x3e</size>
         <input_file_ref idref="fl-6"/>
      </object_component>
      <object_component id="oc-67b">
         <name>.text:l_asr_const</name>
         <load_address>0x12276</load_address>
         <run_address>0x12276</run_address>
         <size>0x3e</size>
         <input_file_ref idref="fl-29"/>
      </object_component>
      <object_component id="oc-625">
         <name>.text:l_lsl_const</name>
         <load_address>0x122b4</load_address>
         <run_address>0x122b4</run_address>
         <size>0x3e</size>
         <input_file_ref idref="fl-50"/>
      </object_component>
      <object_component id="oc-675">
         <name>.text:l_lsr_const</name>
         <load_address>0x122f2</load_address>
         <run_address>0x122f2</run_address>
         <size>0x3e</size>
         <input_file_ref idref="fl-51"/>
      </object_component>
      <object_component id="oc-686">
         <name>.text:__mspabi_srlll</name>
         <load_address>0x12330</load_address>
         <run_address>0x12330</run_address>
         <size>0x3a</size>
         <input_file_ref idref="fl-52"/>
      </object_component>
      <object_component id="oc-4ec">
         <name>.text:depthGain</name>
         <load_address>0x1236a</load_address>
         <run_address>0x1236a</run_address>
         <size>0x3a</size>
         <input_file_ref idref="fl-7"/>
      </object_component>
      <object_component id="oc-504">
         <name>.text:verifyCommand</name>
         <load_address>0x123a4</load_address>
         <run_address>0x123a4</run_address>
         <size>0x38</size>
         <input_file_ref idref="fl-2"/>
      </object_component>
      <object_component id="oc-534">
         <name>.text</name>
         <load_address>0x123dc</load_address>
         <run_address>0x123dc</run_address>
         <size>0x36</size>
         <input_file_ref idref="fl-3a"/>
      </object_component>
      <object_component id="oc-656">
         <name>.text:I2C_write</name>
         <load_address>0x12412</load_address>
         <run_address>0x12412</run_address>
         <size>0x34</size>
         <input_file_ref idref="fl-6"/>
      </object_component>
      <object_component id="oc-523">
         <name>.text:__mspabi_subd</name>
         <load_address>0x12446</load_address>
         <run_address>0x12446</run_address>
         <size>0x32</size>
         <input_file_ref idref="fl-61"/>
      </object_component>
      <object_component id="oc-4f2">
         <name>.text:depthBias</name>
         <load_address>0x12478</load_address>
         <run_address>0x12478</run_address>
         <size>0x2e</size>
         <input_file_ref idref="fl-7"/>
      </object_component>
      <object_component id="oc-5ce">
         <name>.text:calloc</name>
         <load_address>0x124a6</load_address>
         <run_address>0x124a6</run_address>
         <size>0x2c</size>
         <input_file_ref idref="fl-54"/>
      </object_component>
      <object_component id="oc-630">
         <name>.text</name>
         <load_address>0x124d2</load_address>
         <run_address>0x124d2</run_address>
         <size>0x2c</size>
         <input_file_ref idref="fl-30"/>
      </object_component>
      <object_component id="oc-8f">
         <name>.text:decompress:ZI:__TI_zero_init</name>
         <load_address>0x124fe</load_address>
         <run_address>0x124fe</run_address>
         <size>0x24</size>
         <input_file_ref idref="fl-2e"/>
      </object_component>
      <object_component id="oc-66f">
         <name>.text</name>
         <load_address>0x12522</load_address>
         <run_address>0x12522</run_address>
         <size>0x24</size>
         <input_file_ref idref="fl-5c"/>
      </object_component>
      <object_component id="oc-5d6">
         <name>.text:strCmp</name>
         <load_address>0x12546</load_address>
         <run_address>0x12546</run_address>
         <size>0x22</size>
         <input_file_ref idref="fl-2"/>
      </object_component>
      <object_component id="oc-4bc">
         <name>.text:helpMenu</name>
         <load_address>0x12568</load_address>
         <run_address>0x12568</run_address>
         <size>0x20</size>
         <input_file_ref idref="fl-7"/>
      </object_component>
      <object_component id="oc-5a4">
         <name>.text:reset_sequence</name>
         <load_address>0x12588</load_address>
         <run_address>0x12588</run_address>
         <size>0x20</size>
         <input_file_ref idref="fl-4"/>
      </object_component>
      <object_component id="oc-4c2">
         <name>.text:addCommand</name>
         <load_address>0x125a8</load_address>
         <run_address>0x125a8</run_address>
         <size>0x1e</size>
         <input_file_ref idref="fl-2"/>
      </object_component>
      <object_component id="oc-4d4">
         <name>.text:dContFrames</name>
         <load_address>0x125c6</load_address>
         <run_address>0x125c6</run_address>
         <size>0x1c</size>
         <input_file_ref idref="fl-7"/>
      </object_component>
      <object_component id="oc-4e0">
         <name>.text:depthOFF</name>
         <load_address>0x125e2</load_address>
         <run_address>0x125e2</run_address>
         <size>0x1c</size>
         <input_file_ref idref="fl-7"/>
      </object_component>
      <object_component id="oc-4da">
         <name>.text:depthON</name>
         <load_address>0x125fe</load_address>
         <run_address>0x125fe</run_address>
         <size>0x1c</size>
         <input_file_ref idref="fl-7"/>
      </object_component>
      <object_component id="oc-4ce">
         <name>.text:eContFrames</name>
         <load_address>0x1261a</load_address>
         <run_address>0x1261a</run_address>
         <size>0x1c</size>
         <input_file_ref idref="fl-7"/>
      </object_component>
      <object_component id="oc-4b6">
         <name>.text:initializeCommandList</name>
         <load_address>0x12636</load_address>
         <run_address>0x12636</run_address>
         <size>0x1c</size>
         <input_file_ref idref="fl-2"/>
      </object_component>
      <object_component id="oc-4c8">
         <name>.text:printFrame</name>
         <load_address>0x12652</load_address>
         <run_address>0x12652</run_address>
         <size>0x1c</size>
         <input_file_ref idref="fl-7"/>
      </object_component>
      <object_component id="oc-4fe">
         <name>.text:USB_getline_a</name>
         <load_address>0x1266e</load_address>
         <run_address>0x1266e</run_address>
         <size>0x1a</size>
         <input_file_ref idref="fl-6"/>
      </object_component>
      <object_component id="oc-572">
         <name>.text</name>
         <load_address>0x12688</load_address>
         <run_address>0x12688</run_address>
         <size>0x18</size>
         <input_file_ref idref="fl-59"/>
      </object_component>
      <object_component id="oc-5f5">
         <name>.text:USB_print</name>
         <load_address>0x126a0</load_address>
         <run_address>0x126a0</run_address>
         <size>0x16</size>
         <input_file_ref idref="fl-6"/>
      </object_component>
      <object_component id="oc-50b">
         <name>.text:USB_println</name>
         <load_address>0x126b6</load_address>
         <run_address>0x126b6</run_address>
         <size>0x16</size>
         <input_file_ref idref="fl-6"/>
      </object_component>
      <object_component id="oc-6af">
         <name>.text</name>
         <load_address>0x126cc</load_address>
         <run_address>0x126cc</run_address>
         <size>0x16</size>
         <input_file_ref idref="fl-31"/>
      </object_component>
      <object_component id="oc-3cf">
         <name>.text:memcpy</name>
         <load_address>0x126e2</load_address>
         <run_address>0x126e2</run_address>
         <size>0x14</size>
         <input_file_ref idref="fl-53"/>
      </object_component>
      <object_component id="oc-73">
         <name>.text:decompress:none:__TI_decompress_none</name>
         <load_address>0x126f6</load_address>
         <run_address>0x126f6</run_address>
         <size>0x12</size>
         <input_file_ref idref="fl-2d"/>
      </object_component>
      <object_component id="oc-6d4">
         <name>.text:l_asr</name>
         <load_address>0x12708</load_address>
         <run_address>0x12708</run_address>
         <size>0x10</size>
         <input_file_ref idref="fl-29"/>
      </object_component>
      <object_component id="oc-6ca">
         <name>.text:l_lsl</name>
         <load_address>0x12718</load_address>
         <run_address>0x12718</run_address>
         <size>0x10</size>
         <input_file_ref idref="fl-50"/>
      </object_component>
      <object_component id="oc-6cf">
         <name>.text:l_lsr</name>
         <load_address>0x12728</load_address>
         <run_address>0x12728</run_address>
         <size>0x10</size>
         <input_file_ref idref="fl-51"/>
      </object_component>
      <object_component id="oc-6e4">
         <name>.text:strlen</name>
         <load_address>0x12738</load_address>
         <run_address>0x12738</run_address>
         <size>0xe</size>
         <input_file_ref idref="fl-60"/>
      </object_component>
      <object_component id="oc-5fb">
         <name>.text:USB_putchar</name>
         <load_address>0x12746</load_address>
         <run_address>0x12746</run_address>
         <size>0xc</size>
         <input_file_ref idref="fl-6"/>
      </object_component>
      <object_component id="oc-511">
         <name>.text:__mspabi_fltid</name>
         <load_address>0x12752</load_address>
         <run_address>0x12752</run_address>
         <size>0xc</size>
         <input_file_ref idref="fl-36"/>
      </object_component>
      <object_component id="oc-4a1">
         <name>.text:PRESSURE_calibrate</name>
         <load_address>0x1275e</load_address>
         <run_address>0x1275e</run_address>
         <size>0xa</size>
         <input_file_ref idref="fl-4"/>
      </object_component>
      <object_component id="oc-4ad">
         <name>.text:PRESSURE_get_pressure</name>
         <load_address>0x12768</load_address>
         <run_address>0x12768</run_address>
         <size>0xa</size>
         <input_file_ref idref="fl-4"/>
      </object_component>
      <object_component id="oc-4a7">
         <name>.text:PRESSURE_start_conversion</name>
         <load_address>0x12772</load_address>
         <run_address>0x12772</run_address>
         <size>0xa</size>
         <input_file_ref idref="fl-4"/>
      </object_component>
      <object_component id="oc-63c">
         <name>.text:abs</name>
         <load_address>0x1277c</load_address>
         <run_address>0x1277c</run_address>
         <size>0xa</size>
         <input_file_ref idref="fl-28"/>
      </object_component>
      <object_component id="oc-428">
         <name>.text:abort</name>
         <load_address>0x12786</load_address>
         <run_address>0x12786</run_address>
         <size>0x6</size>
         <input_file_ref idref="fl-34"/>
      </object_component>
      <object_component id="oc-400">
         <name>.text:_system_pre_init</name>
         <load_address>0x1278c</load_address>
         <run_address>0x1278c</run_address>
         <size>0x4</size>
         <input_file_ref idref="fl-5f"/>
      </object_component>
      <object_component id="oc-58f">
         <name>.text:_nop</name>
         <load_address>0x12790</load_address>
         <run_address>0x12790</run_address>
         <size>0x2</size>
         <input_file_ref idref="fl-62"/>
      </object_component>
      <object_component id="oc-46e">
         <name>.text:_system_post_cinit</name>
         <load_address>0x12792</load_address>
         <run_address>0x12792</run_address>
         <size>0x2</size>
         <input_file_ref idref="fl-6b"/>
      </object_component>
      <object_component id="oc-3e7">
         <name>.text:_isr:USCI_B0_ISR</name>
         <load_address>0x4400</load_address>
         <run_address>0x4400</run_address>
         <size>0xea</size>
         <input_file_ref idref="fl-6"/>
      </object_component>
      <object_component id="oc-3e1">
         <name>.text:_isr:USCI_A1_ISR</name>
         <load_address>0x44ea</load_address>
         <run_address>0x44ea</run_address>
         <size>0x70</size>
         <input_file_ref idref="fl-6"/>
      </object_component>
      <object_component id="oc-3f3">
         <name>.text:_isr:TIMER_B0</name>
         <load_address>0x455a</load_address>
         <run_address>0x455a</run_address>
         <size>0x28</size>
         <input_file_ref idref="fl-3"/>
      </object_component>
      <object_component id="oc-3ed">
         <name>.text:_isr:USCI_A0_ISR</name>
         <load_address>0x4582</load_address>
         <run_address>0x4582</run_address>
         <size>0x22</size>
         <input_file_ref idref="fl-6"/>
      </object_component>
      <object_component id="oc-ad">
         <name>.text:_isr:_c_int00_noargs_noexit</name>
         <load_address>0x45a4</load_address>
         <run_address>0x45a4</run_address>
         <size>0x1a</size>
         <input_file_ref idref="fl-2b"/>
      </object_component>
      <object_component id="oc-3dc">
         <name>.text:_isr:__TI_ISR_TRAP</name>
         <load_address>0x45be</load_address>
         <run_address>0x45be</run_address>
         <size>0x8</size>
         <input_file_ref idref="fl-4f"/>
      </object_component>
      <object_component id="oc-762">
         <name>.cinit..data.load</name>
         <load_address>0x497a</load_address>
         <run_address>0x497a</run_address>
         <size>0x12</size>
      </object_component>
      <object_component id="oc-75f">
         <name>__TI_handler_table</name>
         <load_address>0x498c</load_address>
         <run_address>0x498c</run_address>
         <size>0xc</size>
      </object_component>
      <object_component id="oc-761">
         <name>.cinit..bss.load</name>
         <load_address>0x4998</load_address>
         <run_address>0x4998</run_address>
         <size>0x6</size>
      </object_component>
      <object_component id="oc-760">
         <name>__TI_cinit_table</name>
         <load_address>0x499e</load_address>
         <run_address>0x499e</run_address>
         <size>0x10</size>
      </object_component>
      <object_component id="oc-50a">
         <name>.const:.string</name>
         <load_address>0x45c6</load_address>
         <run_address>0x45c6</run_address>
         <size>0x3b4</size>
         <input_file_ref idref="fl-7"/>
      </object_component>
      <object_component id="oc-6f9">
         <name>.binit</name>
         <load_address>0x4400</load_address>
         <run_address>0x4400</run_address>
         <size>0x0</size>
      </object_component>
      <object_component id="oc-79">
         <name>.int41</name>
         <load_address>0xffd2</load_address>
         <run_address>0xffd2</run_address>
         <size>0x2</size>
         <input_file_ref idref="fl-3d"/>
      </object_component>
      <object_component id="oc-7a">
         <name>.int42</name>
         <load_address>0xffd4</load_address>
         <run_address>0xffd4</run_address>
         <size>0x2</size>
         <input_file_ref idref="fl-3e"/>
      </object_component>
      <object_component id="oc-7b">
         <name>.int43</name>
         <load_address>0xffd6</load_address>
         <run_address>0xffd6</run_address>
         <size>0x2</size>
         <input_file_ref idref="fl-3f"/>
      </object_component>
      <object_component id="oc-7c">
         <name>.int44</name>
         <load_address>0xffd8</load_address>
         <run_address>0xffd8</run_address>
         <size>0x2</size>
         <input_file_ref idref="fl-40"/>
      </object_component>
      <object_component id="oc-7d">
         <name>.int45</name>
         <load_address>0xffda</load_address>
         <run_address>0xffda</run_address>
         <size>0x2</size>
         <input_file_ref idref="fl-41"/>
      </object_component>
      <object_component id="oc-7e">
         <name>.int46</name>
         <load_address>0xffdc</load_address>
         <run_address>0xffdc</run_address>
         <size>0x2</size>
         <input_file_ref idref="fl-6"/>
      </object_component>
      <object_component id="oc-7f">
         <name>.int47</name>
         <load_address>0xffde</load_address>
         <run_address>0xffde</run_address>
         <size>0x2</size>
         <input_file_ref idref="fl-42"/>
      </object_component>
      <object_component id="oc-80">
         <name>.int48</name>
         <load_address>0xffe0</load_address>
         <run_address>0xffe0</run_address>
         <size>0x2</size>
         <input_file_ref idref="fl-43"/>
      </object_component>
      <object_component id="oc-81">
         <name>.int49</name>
         <load_address>0xffe2</load_address>
         <run_address>0xffe2</run_address>
         <size>0x2</size>
         <input_file_ref idref="fl-44"/>
      </object_component>
      <object_component id="oc-82">
         <name>.int50</name>
         <load_address>0xffe4</load_address>
         <run_address>0xffe4</run_address>
         <size>0x2</size>
         <input_file_ref idref="fl-45"/>
      </object_component>
      <object_component id="oc-83">
         <name>.int51</name>
         <load_address>0xffe6</load_address>
         <run_address>0xffe6</run_address>
         <size>0x2</size>
         <input_file_ref idref="fl-46"/>
      </object_component>
      <object_component id="oc-84">
         <name>.int52</name>
         <load_address>0xffe8</load_address>
         <run_address>0xffe8</run_address>
         <size>0x2</size>
         <input_file_ref idref="fl-47"/>
      </object_component>
      <object_component id="oc-85">
         <name>.int53</name>
         <load_address>0xffea</load_address>
         <run_address>0xffea</run_address>
         <size>0x2</size>
         <input_file_ref idref="fl-48"/>
      </object_component>
      <object_component id="oc-86">
         <name>.int54</name>
         <load_address>0xffec</load_address>
         <run_address>0xffec</run_address>
         <size>0x2</size>
         <input_file_ref idref="fl-49"/>
      </object_component>
      <object_component id="oc-87">
         <name>.int55</name>
         <load_address>0xffee</load_address>
         <run_address>0xffee</run_address>
         <size>0x2</size>
         <input_file_ref idref="fl-6"/>
      </object_component>
      <object_component id="oc-88">
         <name>.int56</name>
         <load_address>0xfff0</load_address>
         <run_address>0xfff0</run_address>
         <size>0x2</size>
         <input_file_ref idref="fl-6"/>
      </object_component>
      <object_component id="oc-89">
         <name>.int57</name>
         <load_address>0xfff2</load_address>
         <run_address>0xfff2</run_address>
         <size>0x2</size>
         <input_file_ref idref="fl-4a"/>
      </object_component>
      <object_component id="oc-8a">
         <name>.int58</name>
         <load_address>0xfff4</load_address>
         <run_address>0xfff4</run_address>
         <size>0x2</size>
         <input_file_ref idref="fl-4b"/>
      </object_component>
      <object_component id="oc-8b">
         <name>.int59</name>
         <load_address>0xfff6</load_address>
         <run_address>0xfff6</run_address>
         <size>0x2</size>
         <input_file_ref idref="fl-3"/>
      </object_component>
      <object_component id="oc-8c">
         <name>.int60</name>
         <load_address>0xfff8</load_address>
         <run_address>0xfff8</run_address>
         <size>0x2</size>
         <input_file_ref idref="fl-4c"/>
      </object_component>
      <object_component id="oc-8d">
         <name>.int61</name>
         <load_address>0xfffa</load_address>
         <run_address>0xfffa</run_address>
         <size>0x2</size>
         <input_file_ref idref="fl-4d"/>
      </object_component>
      <object_component id="oc-8e">
         <name>.int62</name>
         <load_address>0xfffc</load_address>
         <run_address>0xfffc</run_address>
         <size>0x2</size>
         <input_file_ref idref="fl-4e"/>
      </object_component>
      <object_component id="oc-3c0">
         <name>.reset</name>
         <load_address>0xfffe</load_address>
         <run_address>0xfffe</run_address>
         <size>0x2</size>
         <input_file_ref idref="fl-2a"/>
      </object_component>
      <object_component id="oc-5d5">
         <name>.debug_info</name>
         <load_address>0x0</load_address>
         <run_address>0x0</run_address>
         <size>0x1cf</size>
         <input_file_ref idref="fl-2"/>
      </object_component>
      <object_component id="oc-4b7">
         <name>.debug_info</name>
         <load_address>0x1cf</load_address>
         <run_address>0x1cf</run_address>
         <size>0x1a9</size>
         <input_file_ref idref="fl-2"/>
      </object_component>
      <object_component id="oc-4c3">
         <name>.debug_info</name>
         <load_address>0x378</load_address>
         <run_address>0x378</run_address>
         <size>0x172</size>
         <input_file_ref idref="fl-2"/>
      </object_component>
      <object_component id="oc-505">
         <name>.debug_info</name>
         <load_address>0x4ea</load_address>
         <run_address>0x4ea</run_address>
         <size>0x1b7</size>
         <input_file_ref idref="fl-2"/>
      </object_component>
      <object_component id="oc-5d7">
         <name>.debug_info</name>
         <load_address>0x6a1</load_address>
         <run_address>0x6a1</run_address>
         <size>0x197</size>
         <input_file_ref idref="fl-2"/>
      </object_component>
      <object_component id="oc-5c9">
         <name>.debug_info</name>
         <load_address>0x838</load_address>
         <run_address>0x838</run_address>
         <size>0x110</size>
         <input_file_ref idref="fl-2"/>
      </object_component>
      <object_component id="oc-3ca">
         <name>.debug_info</name>
         <load_address>0x948</load_address>
         <run_address>0x948</run_address>
         <size>0x84</size>
         <input_file_ref idref="fl-2"/>
      </object_component>
      <object_component id="oc-556">
         <name>.debug_info</name>
         <load_address>0x9cc</load_address>
         <run_address>0x9cc</run_address>
         <size>0x76</size>
         <input_file_ref idref="fl-2"/>
      </object_component>
      <object_component id="oc-461">
         <name>.debug_info</name>
         <load_address>0xa42</load_address>
         <run_address>0xa42</run_address>
         <size>0x331</size>
         <input_file_ref idref="fl-3"/>
      </object_component>
      <object_component id="oc-3f4">
         <name>.debug_info</name>
         <load_address>0xd73</load_address>
         <run_address>0xd73</run_address>
         <size>0x133</size>
         <input_file_ref idref="fl-3"/>
      </object_component>
      <object_component id="oc-6b6">
         <name>.debug_info</name>
         <load_address>0xea6</load_address>
         <run_address>0xea6</run_address>
         <size>0x174</size>
         <input_file_ref idref="fl-3"/>
      </object_component>
      <object_component id="oc-637">
         <name>.debug_info</name>
         <load_address>0x101a</load_address>
         <run_address>0x101a</run_address>
         <size>0x1a8</size>
         <input_file_ref idref="fl-3"/>
      </object_component>
      <object_component id="oc-56d">
         <name>.debug_info</name>
         <load_address>0x11c2</load_address>
         <run_address>0x11c2</run_address>
         <size>0xc8</size>
         <input_file_ref idref="fl-3"/>
      </object_component>
      <object_component id="oc-5bf">
         <name>.debug_info</name>
         <load_address>0x128a</load_address>
         <run_address>0x128a</run_address>
         <size>0x337</size>
         <input_file_ref idref="fl-4"/>
      </object_component>
      <object_component id="oc-5a5">
         <name>.debug_info</name>
         <load_address>0x15c1</load_address>
         <run_address>0x15c1</run_address>
         <size>0x14e</size>
         <input_file_ref idref="fl-4"/>
      </object_component>
      <object_component id="oc-5ab">
         <name>.debug_info</name>
         <load_address>0x170f</load_address>
         <run_address>0x170f</run_address>
         <size>0x1ac</size>
         <input_file_ref idref="fl-4"/>
      </object_component>
      <object_component id="oc-5b3">
         <name>.debug_info</name>
         <load_address>0x18bb</load_address>
         <run_address>0x18bb</run_address>
         <size>0x1d8</size>
         <input_file_ref idref="fl-4"/>
      </object_component>
      <object_component id="oc-5b9">
         <name>.debug_info</name>
         <load_address>0x1a93</load_address>
         <run_address>0x1a93</run_address>
         <size>0x2ec</size>
         <input_file_ref idref="fl-4"/>
      </object_component>
      <object_component id="oc-4a3">
         <name>.debug_info</name>
         <load_address>0x1d7f</load_address>
         <run_address>0x1d7f</run_address>
         <size>0x17a</size>
         <input_file_ref idref="fl-4"/>
      </object_component>
      <object_component id="oc-4a8">
         <name>.debug_info</name>
         <load_address>0x1ef9</load_address>
         <run_address>0x1ef9</run_address>
         <size>0x184</size>
         <input_file_ref idref="fl-4"/>
      </object_component>
      <object_component id="oc-4ae">
         <name>.debug_info</name>
         <load_address>0x207d</load_address>
         <run_address>0x207d</run_address>
         <size>0x150</size>
         <input_file_ref idref="fl-4"/>
      </object_component>
      <object_component id="oc-49e">
         <name>.debug_info</name>
         <load_address>0x21cd</load_address>
         <run_address>0x21cd</run_address>
         <size>0x141</size>
         <input_file_ref idref="fl-5"/>
      </object_component>
      <object_component id="oc-544">
         <name>.debug_info</name>
         <load_address>0x230e</load_address>
         <run_address>0x230e</run_address>
         <size>0x1cb</size>
         <input_file_ref idref="fl-5"/>
      </object_component>
      <object_component id="oc-44f">
         <name>.debug_info</name>
         <load_address>0x24d9</load_address>
         <run_address>0x24d9</run_address>
         <size>0x840</size>
         <input_file_ref idref="fl-6"/>
      </object_component>
      <object_component id="oc-452">
         <name>.debug_info</name>
         <load_address>0x2d19</load_address>
         <run_address>0x2d19</run_address>
         <size>0x19e</size>
         <input_file_ref idref="fl-6"/>
      </object_component>
      <object_component id="oc-3ee">
         <name>.debug_info</name>
         <load_address>0x2eb7</load_address>
         <run_address>0x2eb7</run_address>
         <size>0x145</size>
         <input_file_ref idref="fl-6"/>
      </object_component>
      <object_component id="oc-490">
         <name>.debug_info</name>
         <load_address>0x2ffc</load_address>
         <run_address>0x2ffc</run_address>
         <size>0x15e</size>
         <input_file_ref idref="fl-6"/>
      </object_component>
      <object_component id="oc-5fc">
         <name>.debug_info</name>
         <load_address>0x315a</load_address>
         <run_address>0x315a</run_address>
         <size>0x166</size>
         <input_file_ref idref="fl-6"/>
      </object_component>
      <object_component id="oc-500">
         <name>.debug_info</name>
         <load_address>0x32c0</load_address>
         <run_address>0x32c0</run_address>
         <size>0x184</size>
         <input_file_ref idref="fl-6"/>
      </object_component>
      <object_component id="oc-5f7">
         <name>.debug_info</name>
         <load_address>0x3444</load_address>
         <run_address>0x3444</run_address>
         <size>0x17c</size>
         <input_file_ref idref="fl-6"/>
      </object_component>
      <object_component id="oc-50d">
         <name>.debug_info</name>
         <load_address>0x35c0</load_address>
         <run_address>0x35c0</run_address>
         <size>0x18d</size>
         <input_file_ref idref="fl-6"/>
      </object_component>
      <object_component id="oc-551">
         <name>.debug_info</name>
         <load_address>0x374d</load_address>
         <run_address>0x374d</run_address>
         <size>0x1f6</size>
         <input_file_ref idref="fl-6"/>
      </object_component>
      <object_component id="oc-54b">
         <name>.debug_info</name>
         <load_address>0x3943</load_address>
         <run_address>0x3943</run_address>
         <size>0x2d2</size>
         <input_file_ref idref="fl-6"/>
      </object_component>
      <object_component id="oc-3e4">
         <name>.debug_info</name>
         <load_address>0x3c15</load_address>
         <run_address>0x3c15</run_address>
         <size>0x145</size>
         <input_file_ref idref="fl-6"/>
      </object_component>
      <object_component id="oc-498">
         <name>.debug_info</name>
         <load_address>0x3d5a</load_address>
         <run_address>0x3d5a</run_address>
         <size>0x17c</size>
         <input_file_ref idref="fl-6"/>
      </object_component>
      <object_component id="oc-659">
         <name>.debug_info</name>
         <load_address>0x3ed6</load_address>
         <run_address>0x3ed6</run_address>
         <size>0x21c</size>
         <input_file_ref idref="fl-6"/>
      </object_component>
      <object_component id="oc-661">
         <name>.debug_info</name>
         <load_address>0x40f2</load_address>
         <run_address>0x40f2</run_address>
         <size>0x20e</size>
         <input_file_ref idref="fl-6"/>
      </object_component>
      <object_component id="oc-3ea">
         <name>.debug_info</name>
         <load_address>0x4300</load_address>
         <run_address>0x4300</run_address>
         <size>0x145</size>
         <input_file_ref idref="fl-6"/>
      </object_component>
      <object_component id="oc-4b4">
         <name>.debug_info</name>
         <load_address>0x4445</load_address>
         <run_address>0x4445</run_address>
         <size>0x54e</size>
         <input_file_ref idref="fl-7"/>
      </object_component>
      <object_component id="oc-4bd">
         <name>.debug_info</name>
         <load_address>0x4993</load_address>
         <run_address>0x4993</run_address>
         <size>0x16e</size>
         <input_file_ref idref="fl-7"/>
      </object_component>
      <object_component id="oc-4ca">
         <name>.debug_info</name>
         <load_address>0x4b01</load_address>
         <run_address>0x4b01</run_address>
         <size>0x160</size>
         <input_file_ref idref="fl-7"/>
      </object_component>
      <object_component id="oc-4d0">
         <name>.debug_info</name>
         <load_address>0x4c61</load_address>
         <run_address>0x4c61</run_address>
         <size>0x162</size>
         <input_file_ref idref="fl-7"/>
      </object_component>
      <object_component id="oc-4d5">
         <name>.debug_info</name>
         <load_address>0x4dc3</load_address>
         <run_address>0x4dc3</run_address>
         <size>0x162</size>
         <input_file_ref idref="fl-7"/>
      </object_component>
      <object_component id="oc-4dc">
         <name>.debug_info</name>
         <load_address>0x4f25</load_address>
         <run_address>0x4f25</run_address>
         <size>0x15a</size>
         <input_file_ref idref="fl-7"/>
      </object_component>
      <object_component id="oc-4e2">
         <name>.debug_info</name>
         <load_address>0x507f</load_address>
         <run_address>0x507f</run_address>
         <size>0x15c</size>
         <input_file_ref idref="fl-7"/>
      </object_component>
      <object_component id="oc-4f3">
         <name>.debug_info</name>
         <load_address>0x51db</load_address>
         <run_address>0x51db</run_address>
         <size>0x15e</size>
         <input_file_ref idref="fl-7"/>
      </object_component>
      <object_component id="oc-4e8">
         <name>.debug_info</name>
         <load_address>0x5339</load_address>
         <run_address>0x5339</run_address>
         <size>0x194</size>
         <input_file_ref idref="fl-7"/>
      </object_component>
      <object_component id="oc-4ed">
         <name>.debug_info</name>
         <load_address>0x54cd</load_address>
         <run_address>0x54cd</run_address>
         <size>0x16f</size>
         <input_file_ref idref="fl-7"/>
      </object_component>
      <object_component id="oc-421">
         <name>.debug_info</name>
         <load_address>0x563c</load_address>
         <run_address>0x563c</run_address>
         <size>0x4de</size>
         <input_file_ref idref="fl-7"/>
      </object_component>
      <object_component id="oc-5c4">
         <name>.debug_info</name>
         <load_address>0x5b1a</load_address>
         <run_address>0x5b1a</run_address>
         <size>0x111</size>
         <input_file_ref idref="fl-7"/>
      </object_component>
      <object_component id="oc-63d">
         <name>.debug_info</name>
         <load_address>0x5c2b</load_address>
         <run_address>0x5c2b</run_address>
         <size>0x136</size>
         <input_file_ref idref="fl-28"/>
      </object_component>
      <object_component id="oc-6d7">
         <name>.debug_info</name>
         <load_address>0x5d61</load_address>
         <run_address>0x5d61</run_address>
         <size>0x119</size>
         <input_file_ref idref="fl-29"/>
      </object_component>
      <object_component id="oc-67d">
         <name>.debug_info</name>
         <load_address>0x5e7a</load_address>
         <run_address>0x5e7a</run_address>
         <size>0x11f</size>
         <input_file_ref idref="fl-29"/>
      </object_component>
      <object_component id="oc-3be">
         <name>.debug_info</name>
         <load_address>0x5f99</load_address>
         <run_address>0x5f99</run_address>
         <size>0xf6</size>
         <input_file_ref idref="fl-2a"/>
      </object_component>
      <object_component id="oc-b1">
         <name>.debug_info</name>
         <load_address>0x608f</load_address>
         <run_address>0x608f</run_address>
         <size>0x197</size>
         <input_file_ref idref="fl-2b"/>
      </object_component>
      <object_component id="oc-43e">
         <name>.debug_info</name>
         <load_address>0x6226</load_address>
         <run_address>0x6226</run_address>
         <size>0x171</size>
         <input_file_ref idref="fl-2c"/>
      </object_component>
      <object_component id="oc-6f">
         <name>.debug_info</name>
         <load_address>0x6397</load_address>
         <run_address>0x6397</run_address>
         <size>0x246</size>
         <input_file_ref idref="fl-2c"/>
      </object_component>
      <object_component id="oc-3c5">
         <name>.debug_info</name>
         <load_address>0x65dd</load_address>
         <run_address>0x65dd</run_address>
         <size>0x60</size>
         <input_file_ref idref="fl-2c"/>
      </object_component>
      <object_component id="oc-439">
         <name>.debug_info</name>
         <load_address>0x663d</load_address>
         <run_address>0x663d</run_address>
         <size>0x46</size>
         <input_file_ref idref="fl-2c"/>
      </object_component>
      <object_component id="oc-3db">
         <name>.debug_info</name>
         <load_address>0x6683</load_address>
         <run_address>0x6683</run_address>
         <size>0x1c7</size>
         <input_file_ref idref="fl-2d"/>
      </object_component>
      <object_component id="oc-75">
         <name>.debug_info</name>
         <load_address>0x684a</load_address>
         <run_address>0x684a</run_address>
         <size>0x1c9</size>
         <input_file_ref idref="fl-2d"/>
      </object_component>
      <object_component id="oc-3d6">
         <name>.debug_info</name>
         <load_address>0x6a13</load_address>
         <run_address>0x6a13</run_address>
         <size>0x46</size>
         <input_file_ref idref="fl-2d"/>
      </object_component>
      <object_component id="oc-448">
         <name>.debug_info</name>
         <load_address>0x6a59</load_address>
         <run_address>0x6a59</run_address>
         <size>0x2c</size>
         <input_file_ref idref="fl-2d"/>
      </object_component>
      <object_component id="oc-3ff">
         <name>.debug_info</name>
         <load_address>0x6a85</load_address>
         <run_address>0x6a85</run_address>
         <size>0x175</size>
         <input_file_ref idref="fl-2e"/>
      </object_component>
      <object_component id="oc-90">
         <name>.debug_info</name>
         <load_address>0x6bfa</load_address>
         <run_address>0x6bfa</run_address>
         <size>0x1bb</size>
         <input_file_ref idref="fl-2e"/>
      </object_component>
      <object_component id="oc-3fa">
         <name>.debug_info</name>
         <load_address>0x6db5</load_address>
         <run_address>0x6db5</run_address>
         <size>0x46</size>
         <input_file_ref idref="fl-2e"/>
      </object_component>
      <object_component id="oc-62b">
         <name>.debug_info</name>
         <load_address>0x6dfb</load_address>
         <run_address>0x6dfb</run_address>
         <size>0x1ca</size>
         <input_file_ref idref="fl-2f"/>
      </object_component>
      <object_component id="oc-52c">
         <name>.debug_info</name>
         <load_address>0x6fc5</load_address>
         <run_address>0x6fc5</run_address>
         <size>0x1a1</size>
         <input_file_ref idref="fl-2f"/>
      </object_component>
      <object_component id="oc-631">
         <name>.debug_info</name>
         <load_address>0x7166</load_address>
         <run_address>0x7166</run_address>
         <size>0x12e</size>
         <input_file_ref idref="fl-30"/>
      </object_component>
      <object_component id="oc-6b1">
         <name>.debug_info</name>
         <load_address>0x7294</load_address>
         <run_address>0x7294</run_address>
         <size>0x11a</size>
         <input_file_ref idref="fl-31"/>
      </object_component>
      <object_component id="oc-61d">
         <name>.debug_info</name>
         <load_address>0x73ae</load_address>
         <run_address>0x73ae</run_address>
         <size>0x207</size>
         <input_file_ref idref="fl-33"/>
      </object_component>
      <object_component id="oc-51e">
         <name>.debug_info</name>
         <load_address>0x75b5</load_address>
         <run_address>0x75b5</run_address>
         <size>0x248</size>
         <input_file_ref idref="fl-33"/>
      </object_component>
      <object_component id="oc-610">
         <name>.debug_info</name>
         <load_address>0x77fd</load_address>
         <run_address>0x77fd</run_address>
         <size>0x94</size>
         <input_file_ref idref="fl-33"/>
      </object_component>
      <object_component id="oc-42a">
         <name>.debug_info</name>
         <load_address>0x7891</load_address>
         <run_address>0x7891</run_address>
         <size>0x118</size>
         <input_file_ref idref="fl-34"/>
      </object_component>
      <object_component id="oc-512">
         <name>.debug_info</name>
         <load_address>0x79a9</load_address>
         <run_address>0x79a9</run_address>
         <size>0x15c</size>
         <input_file_ref idref="fl-36"/>
      </object_component>
      <object_component id="oc-69b">
         <name>.debug_info</name>
         <load_address>0x7b05</load_address>
         <run_address>0x7b05</run_address>
         <size>0x1d5</size>
         <input_file_ref idref="fl-37"/>
      </object_component>
      <object_component id="oc-603">
         <name>.debug_info</name>
         <load_address>0x7cda</load_address>
         <run_address>0x7cda</run_address>
         <size>0x1e9</size>
         <input_file_ref idref="fl-37"/>
      </object_component>
      <object_component id="oc-6a1">
         <name>.debug_info</name>
         <load_address>0x7ec3</load_address>
         <run_address>0x7ec3</run_address>
         <size>0x1dc</size>
         <input_file_ref idref="fl-38"/>
      </object_component>
      <object_component id="oc-619">
         <name>.debug_info</name>
         <load_address>0x809f</load_address>
         <run_address>0x809f</run_address>
         <size>0x5b3</size>
         <input_file_ref idref="fl-38"/>
      </object_component>
      <object_component id="oc-531">
         <name>.debug_info</name>
         <load_address>0x8652</load_address>
         <run_address>0x8652</run_address>
         <size>0x11a</size>
         <input_file_ref idref="fl-39"/>
      </object_component>
      <object_component id="oc-535">
         <name>.debug_info</name>
         <load_address>0x876c</load_address>
         <run_address>0x876c</run_address>
         <size>0x123</size>
         <input_file_ref idref="fl-3a"/>
      </object_component>
      <object_component id="oc-53a">
         <name>.debug_info</name>
         <load_address>0x888f</load_address>
         <run_address>0x888f</run_address>
         <size>0x11a</size>
         <input_file_ref idref="fl-3b"/>
      </object_component>
      <object_component id="oc-53f">
         <name>.debug_info</name>
         <load_address>0x89a9</load_address>
         <run_address>0x89a9</run_address>
         <size>0x12e</size>
         <input_file_ref idref="fl-3c"/>
      </object_component>
      <object_component id="oc-3dd">
         <name>.debug_info</name>
         <load_address>0x8ad7</load_address>
         <run_address>0x8ad7</run_address>
         <size>0x108</size>
         <input_file_ref idref="fl-4f"/>
      </object_component>
      <object_component id="oc-6cc">
         <name>.debug_info</name>
         <load_address>0x8bdf</load_address>
         <run_address>0x8bdf</run_address>
         <size>0x119</size>
         <input_file_ref idref="fl-50"/>
      </object_component>
      <object_component id="oc-626">
         <name>.debug_info</name>
         <load_address>0x8cf8</load_address>
         <run_address>0x8cf8</run_address>
         <size>0x11f</size>
         <input_file_ref idref="fl-50"/>
      </object_component>
      <object_component id="oc-6d0">
         <name>.debug_info</name>
         <load_address>0x8e17</load_address>
         <run_address>0x8e17</run_address>
         <size>0x119</size>
         <input_file_ref idref="fl-51"/>
      </object_component>
      <object_component id="oc-677">
         <name>.debug_info</name>
         <load_address>0x8f30</load_address>
         <run_address>0x8f30</run_address>
         <size>0x11f</size>
         <input_file_ref idref="fl-51"/>
      </object_component>
      <object_component id="oc-689">
         <name>.debug_info</name>
         <load_address>0x904f</load_address>
         <run_address>0x904f</run_address>
         <size>0x17e</size>
         <input_file_ref idref="fl-52"/>
      </object_component>
      <object_component id="oc-440">
         <name>.debug_info</name>
         <load_address>0x91cd</load_address>
         <run_address>0x91cd</run_address>
         <size>0x17d</size>
         <input_file_ref idref="fl-53"/>
      </object_component>
      <object_component id="oc-3d2">
         <name>.debug_info</name>
         <load_address>0x934a</load_address>
         <run_address>0x934a</run_address>
         <size>0x192</size>
         <input_file_ref idref="fl-53"/>
      </object_component>
      <object_component id="oc-441">
         <name>.debug_info</name>
         <load_address>0x94dc</load_address>
         <run_address>0x94dc</run_address>
         <size>0x2c</size>
         <input_file_ref idref="fl-53"/>
      </object_component>
      <object_component id="oc-438">
         <name>.debug_info</name>
         <load_address>0x9508</load_address>
         <run_address>0x9508</run_address>
         <size>0x263</size>
         <input_file_ref idref="fl-54"/>
      </object_component>
      <object_component id="oc-3c2">
[...]
      <symbol id="sm-56a">
         <name>depthOFF</name>
         <value>0x125e2</value>
         <object_component_ref idref="oc-4e0"/>
      </symbol>
      <symbol id="sm-56b">
         <name>depthON</name>
         <value>0x125fe</value>
         <object_component_ref idref="oc-4da"/>
      </symbol>
      <symbol id="sm-56c">
         <name>helpMenu</name>
         <value>0x12568</value>
         <object_component_ref idref="oc-4bc"/>
      </symbol>
      <symbol id="sm-56d">
         <name>dContFrames</name>
         <value>0x125c6</value>
         <object_component_ref idref="oc-4d4"/>
      </symbol>
      <symbol id="sm-56e">
         <name>eContFrames</name>
         <value>0x1261a</value>
         <object_component_ref idref="oc-4ce"/>
      </symbol>
      <symbol id="sm-56f">
         <name>printFrame</name>
         <value>0x12652</value>
         <object_component_ref idref="oc-4c8"/>
      </symbol>
      <symbol id="sm-579">
         <name>abs</name>
         <value>0x1277c</value>
         <object_component_ref idref="oc-63c"/>
      </symbol>
      <symbol id="sm-589">
         <name>__mspabi_sral</name>
         <value>0x12708</value>
         <object_component_ref idref="oc-6d4"/>
      </symbol>
      <symbol id="sm-58a">
         <name>__mspabi_sral_15</name>
         <value>0x12276</value>
         <object_component_ref idref="oc-67b"/>
      </symbol>
      <symbol id="sm-58b">
         <name>__mspabi_sral_14</name>
         <value>0x1227a</value>
         <object_component_ref idref="oc-67b"/>
      </symbol>
      <symbol id="sm-58c">
         <name>__mspabi_sral_13</name>
         <value>0x1227e</value>
         <object_component_ref idref="oc-67b"/>
      </symbol>
      <symbol id="sm-58d">
         <name>__mspabi_sral_12</name>
         <value>0x12282</value>
         <object_component_ref idref="oc-67b"/>
      </symbol>
      <symbol id="sm-58e">
         <name>__mspabi_sral_11</name>
         <value>0x12286</value>
         <object_component_ref idref="oc-67b"/>
      </symbol>
      <symbol id="sm-58f">
         <name>__mspabi_sral_10</name>
         <value>0x1228a</value>
         <object_component_ref idref="oc-67b"/>
      </symbol>
      <symbol id="sm-590">
         <name>__mspabi_sral_8</name>
         <value>0x12292</value>
         <object_component_ref idref="oc-67b"/>
      </symbol>
      <symbol id="sm-591">
         <name>__mspabi_sral_9</name>
         <value>0x1228e</value>
         <object_component_ref idref="oc-67b"/>
      </symbol>
      <symbol id="sm-592">
         <name>__mspabi_sral_6</name>
         <value>0x1229a</value>
         <object_component_ref idref="oc-67b"/>
      </symbol>
      <symbol id="sm-593">
         <name>__mspabi_sral_7</name>
         <value>0x12296</value>
         <object_component_ref idref="oc-67b"/>
      </symbol>
      <symbol id="sm-594">
         <name>__mspabi_sral_4</name>
         <value>0x122a2</value>
         <object_component_ref idref="oc-67b"/>
      </symbol>
      <symbol id="sm-595">
         <name>__mspabi_sral_5</name>
         <value>0x1229e</value>
         <object_component_ref idref="oc-67b"/>
      </symbol>
      <symbol id="sm-596">
         <name>__mspabi_sral_2</name>
         <value>0x122aa</value>
         <object_component_ref idref="oc-67b"/>
      </symbol>
      <symbol id="sm-597">
         <name>__mspabi_sral_3</name>
         <value>0x122a6</value>
         <object_component_ref idref="oc-67b"/>
      </symbol>
      <symbol id="sm-598">
         <name>__mspabi_sral_1</name>
         <value>0x122ae</value>
         <object_component_ref idref="oc-67b"/>
      </symbol>
      <symbol id="sm-5a0">
         <name>_stack</name>
         <value>0x4360</value>
         <object_component_ref idref="oc-3bd"/>
      </symbol>
      <symbol id="sm-5a1">
         <name>_reset_vector</name>
         <value>0xfffe</value>
         <object_component_ref idref="oc-3c0"/>
      </symbol>
      <symbol id="sm-5ab">
         <name>_c_int00_noargs_noexit</name>
         <value>0x45a4</value>
         <object_component_ref idref="oc-ad"/>
      </symbol>
      <symbol id="sm-5c9">
         <name>__TI_decompress_lzss</name>
         <value>0x11ef8</value>
         <object_component_ref idref="oc-6d"/>
      </symbol>
      <symbol id="sm-5df">
         <name>__TI_decompress_none</name>
         <value>0x126f6</value>
         <object_component_ref idref="oc-73"/>
      </symbol>
      <symbol id="sm-5f2">
         <name>__TI_zero_init</name>
         <value>0x124fe</value>
         <object_component_ref idref="oc-8f"/>
      </symbol>
      <symbol id="sm-605">
         <name>__mspabi_cvtdf</name>
         <value>0x11dea</value>
         <object_component_ref idref="oc-529"/>
      </symbol>
      <symbol id="sm-611">
         <name>__mspabi_remi</name>
         <value>0x124d2</value>
         <object_component_ref idref="oc-630"/>
      </symbol>
      <symbol id="sm-612">
         <name>__mspabi_divi</name>
         <value>0x124d2</value>
         <object_component_ref idref="oc-630"/>
      </symbol>
      <symbol id="sm-61c">
         <name>__mspabi_remu</name>
         <value>0x126cc</value>
         <object_component_ref idref="oc-6af"/>
      </symbol>
      <symbol id="sm-61d">
         <name>__mspabi_divu</name>
         <value>0x126cc</value>
         <object_component_ref idref="oc-6af"/>
      </symbol>
      <symbol id="sm-644">
         <name>__mspabi_divd</name>
         <value>0x11136</value>
         <object_component_ref idref="oc-51d"/>
      </symbol>
      <symbol id="sm-64e">
         <name>C$$EXIT</name>
         <value>0x12786</value>
         <object_component_ref idref="oc-428"/>
      </symbol>
      <symbol id="sm-64f">
         <name>abort</name>
         <value>0x12786</value>
         <object_component_ref idref="oc-428"/>
      </symbol>
      <symbol id="sm-659">
         <name>__mspabi_fltid</name>
         <value>0x12752</value>
         <object_component_ref idref="oc-511"/>
      </symbol>
      <symbol id="sm-671">
         <name>__mspabi_fltlid</name>
         <value>0x11c26</value>
         <object_component_ref idref="oc-602"/>
      </symbol>
      <symbol id="sm-68c">
         <name>__TI_frcdivd</name>
         <value>0x10000</value>
         <object_component_ref idref="oc-616"/>
      </symbol>
      <symbol id="sm-6a7">
         <name>__mspabi_subf</name>
         <value>0x11558</value>
         <object_component_ref idref="oc-52f"/>
      </symbol>
      <symbol id="sm-6a8">
         <name>__mspabi_addf</name>
         <value>0x1155e</value>
         <object_component_ref idref="oc-52f"/>
      </symbol>
      <symbol id="sm-6b5">
         <name>__mspabi_fltif</name>
         <value>0x123dc</value>
         <object_component_ref idref="oc-534"/>
      </symbol>
      <symbol id="sm-6cc">
         <name>__mspabi_mpyf</name>
         <value>0x11820</value>
         <object_component_ref idref="oc-539"/>
      </symbol>
      <symbol id="sm-6de">
         <name>__mspabi_fixfi</name>
         <value>0x11fda</value>
         <object_component_ref idref="oc-53e"/>
      </symbol>
      <symbol id="sm-6e1">
         <name>__TI_int41</name>
         <value>0xffd2</value>
         <object_component_ref idref="oc-79"/>
      </symbol>
      <symbol id="sm-6e4">
         <name>__TI_int42</name>
         <value>0xffd4</value>
         <object_component_ref idref="oc-7a"/>
      </symbol>
      <symbol id="sm-6e7">
         <name>__TI_int43</name>
         <value>0xffd6</value>
         <object_component_ref idref="oc-7b"/>
      </symbol>
      <symbol id="sm-6ea">
         <name>__TI_int44</name>
         <value>0xffd8</value>
         <object_component_ref idref="oc-7c"/>
      </symbol>
      <symbol id="sm-6ed">
         <name>__TI_int45</name>
         <value>0xffda</value>
         <object_component_ref idref="oc-7d"/>
      </symbol>
      <symbol id="sm-6f0">
         <name>__TI_int47</name>
         <value>0xffde</value>
         <object_component_ref idref="oc-7f"/>
      </symbol>
      <symbol id="sm-6f3">
         <name>__TI_int48</name>
         <value>0xffe0</value>
         <object_component_ref idref="oc-80"/>
      </symbol>
      <symbol id="sm-6f6">
         <name>__TI_int49</name>
         <value>0xffe2</value>
         <object_component_ref idref="oc-81"/>
      </symbol>
      <symbol id="sm-6f9">
         <name>__TI_int50</name>
         <value>0xffe4</value>
         <object_component_ref idref="oc-82"/>
      </symbol>
      <symbol id="sm-6fc">
         <name>__TI_int51</name>
         <value>0xffe6</value>
         <object_component_ref idref="oc-83"/>
      </symbol>
      <symbol id="sm-6ff">
         <name>__TI_int52</name>
         <value>0xffe8</value>
         <object_component_ref idref="oc-84"/>
      </symbol>
      <symbol id="sm-702">
         <name>__TI_int53</name>
         <value>0xffea</value>
         <object_component_ref idref="oc-85"/>
      </symbol>
      <symbol id="sm-705">
         <name>__TI_int54</name>
         <value>0xffec</value>
         <object_component_ref idref="oc-86"/>
      </symbol>
      <symbol id="sm-708">
         <name>__TI_int57</name>
         <value>0xfff2</value>
         <object_component_ref idref="oc-89"/>
      </symbol>
      <symbol id="sm-70b">
         <name>__TI_int58</name>
         <value>0xfff4</value>
         <object_component_ref idref="oc-8a"/>
      </symbol>
      <symbol id="sm-70e">
         <name>__TI_int60</name>
         <value>0xfff8</value>
         <object_component_ref idref="oc-8c"/>
      </symbol>
      <symbol id="sm-711">
         <name>__TI_int61</name>
         <value>0xfffa</value>
         <object_component_ref idref="oc-8d"/>
      </symbol>
      <symbol id="sm-714">
         <name>__TI_int62</name>
         <value>0xfffc</value>
         <object_component_ref idref="oc-8e"/>
      </symbol>
      <symbol id="sm-71c">
         <name>__TI_ISR_TRAP</name>
         <value>0x45be</value>
         <object_component_ref idref="oc-3dc"/>
      </symbol>
      <symbol id="sm-72c">
         <name>__mspabi_slll_9</name>
         <value>0x122cc</value>
         <object_component_ref idref="oc-625"/>
      </symbol>
      <symbol id="sm-72d">
         <name>__mspabi_slll_8</name>
         <value>0x122d0</value>
         <object_component_ref idref="oc-625"/>
      </symbol>
      <symbol id="sm-72e">
         <name>__mspabi_slll_7</name>
         <value>0x122d4</value>
         <object_component_ref idref="oc-625"/>
      </symbol>
      <symbol id="sm-72f">
         <name>__mspabi_slll_6</name>
         <value>0x122d8</value>
         <object_component_ref idref="oc-625"/>
      </symbol>
      <symbol id="sm-730">
         <name>__mspabi_slll_5</name>
         <value>0x122dc</value>
         <object_component_ref idref="oc-625"/>
      </symbol>
      <symbol id="sm-731">
         <name>__mspabi_slll_4</name>
         <value>0x122e0</value>
         <object_component_ref idref="oc-625"/>
      </symbol>
      <symbol id="sm-732">
         <name>__mspabi_slll_3</name>
         <value>0x122e4</value>
         <object_component_ref idref="oc-625"/>
      </symbol>
      <symbol id="sm-733">
         <name>__mspabi_slll_2</name>
         <value>0x122e8</value>
         <object_component_ref idref="oc-625"/>
      </symbol>
      <symbol id="sm-734">
         <name>__mspabi_slll_1</name>
         <value>0x122ec</value>
         <object_component_ref idref="oc-625"/>
      </symbol>
      <symbol id="sm-735">
         <name>__mspabi_slll</name>
         <value>0x12718</value>
         <object_component_ref idref="oc-6ca"/>
      </symbol>
      <symbol id="sm-736">
         <name>__mspabi_slll_15</name>
         <value>0x122b4</value>
         <object_component_ref idref="oc-625"/>
      </symbol>
      <symbol id="sm-737">
         <name>__mspabi_slll_14</name>
         <value>0x122b8</value>
         <object_component_ref idref="oc-625"/>
      </symbol>
      <symbol id="sm-738">
         <name>__mspabi_slll_13</name>
         <value>0x122bc</value>
         <object_component_ref idref="oc-625"/>
      </symbol>
      <symbol id="sm-739">
         <name>__mspabi_slll_12</name>
         <value>0x122c0</value>
         <object_component_ref idref="oc-625"/>
      </symbol>
      <symbol id="sm-73a">
         <name>__mspabi_slll_11</name>
         <value>0x122c4</value>
         <object_component_ref idref="oc-625"/>
      </symbol>
      <symbol id="sm-73b">
         <name>__mspabi_slll_10</name>
         <value>0x122c8</value>
         <object_component_ref idref="oc-625"/>
      </symbol>
      <symbol id="sm-74b">
         <name>__mspabi_srll_8</name>
         <value>0x1230e</value>
         <object_component_ref idref="oc-675"/>
      </symbol>
      <symbol id="sm-74c">
         <name>__mspabi_srll_9</name>
         <value>0x1230a</value>
         <object_component_ref idref="oc-675"/>
      </symbol>
      <symbol id="sm-74d">
         <name>__mspabi_srll_6</name>
         <value>0x12316</value>
         <object_component_ref idref="oc-675"/>
      </symbol>
      <symbol id="sm-74e">
         <name>__mspabi_srll_7</name>
         <value>0x12312</value>
         <object_component_ref idref="oc-675"/>
      </symbol>
      <symbol id="sm-74f">
         <name>__mspabi_srll_4</name>
         <value>0x1231e</value>
         <object_component_ref idref="oc-675"/>
      </symbol>
      <symbol id="sm-750">
         <name>__mspabi_srll_5</name>
         <value>0x1231a</value>
         <object_component_ref idref="oc-675"/>
      </symbol>
      <symbol id="sm-751">
         <name>__mspabi_srll_2</name>
         <value>0x12326</value>
         <object_component_ref idref="oc-675"/>
      </symbol>
      <symbol id="sm-752">
         <name>__mspabi_srll_3</name>
         <value>0x12322</value>
         <object_component_ref idref="oc-675"/>
      </symbol>
      <symbol id="sm-753">
         <name>__mspabi_srll_1</name>
         <value>0x1232a</value>
         <object_component_ref idref="oc-675"/>
      </symbol>
      <symbol id="sm-754">
         <name>__mspabi_srll_15</name>
         <value>0x122f2</value>
         <object_component_ref idref="oc-675"/>
      </symbol>
      <symbol id="sm-755">
         <name>__mspabi_srll_14</name>
         <value>0x122f6</value>
         <object_component_ref idref="oc-675"/>
      </symbol>
      <symbol id="sm-756">
         <name>__mspabi_srll_13</name>
         <value>0x122fa</value>
         <object_component_ref idref="oc-675"/>
      </symbol>
      <symbol id="sm-757">
         <name>__mspabi_srll_12</name>
         <value>0x122fe</value>
         <object_component_ref idref="oc-675"/>
      </symbol>
      <symbol id="sm-758">
         <name>__mspabi_srll_11</name>
         <value>0x12302</value>
         <object_component_ref idref="oc-675"/>
      </symbol>
      <symbol id="sm-759">
         <name>__mspabi_srll_10</name>
         <value>0x12306</value>
         <object_component_ref idref="oc-675"/>
      </symbol>
      <symbol id="sm-75a">
         <name>__mspabi_srll</name>
         <value>0x12728</value>
         <object_component_ref idref="oc-6cf"/>
      </symbol>
      <symbol id="sm-767">
         <name>__mspabi_srlll</name>
         <value>0x12330</value>
         <object_component_ref idref="oc-686"/>
      </symbol>
      <symbol id="sm-77a">
         <name>memcpy</name>
         <value>0x126e2</value>
         <object_component_ref idref="oc-3cf"/>
      </symbol>
      <symbol id="sm-7c2">
         <name>_sys_memory</name>
         <value>0x2400</value>
         <object_component_ref idref="oc-3c1"/>
      </symbol>
      <symbol id="sm-7c3">
         <name>calloc</name>
         <value>0x124a6</value>
         <object_component_ref idref="oc-5ce"/>
      </symbol>
      <symbol id="sm-7c4">
         <name>malloc</name>
         <value>0x11764</value>
         <object_component_ref idref="oc-4f8"/>
      </symbol>
      <symbol id="sm-7c5">
         <name>minit</name>
         <value>0x121f6</value>
         <object_component_ref idref="oc-5e9"/>
      </symbol>
      <symbol id="sm-7e6">
         <name>__mspabi_mpyd</name>
         <value>0x10c62</value>
         <object_component_ref idref="oc-517"/>
      </symbol>
      <symbol id="sm-7f0">
         <name>__mspabi_mpyi_f5hw</name>
         <value>0x12688</value>
         <object_component_ref idref="oc-572"/>
      </symbol>
      <symbol id="sm-7fa">
         <name>__mspabi_mpyl_f5hw</name>
         <value>0x12522</value>
         <object_component_ref idref="oc-66f"/>
      </symbol>
      <symbol id="sm-803">
         <name>__mspabi_mpyll_f5hw</name>
         <value>0x12108</value>
         <object_component_ref idref="oc-681"/>
      </symbol>
      <symbol id="sm-80c">
         <name>_system_pre_init</name>
         <value>0x1278c</value>
         <object_component_ref idref="oc-400"/>
      </symbol>
      <symbol id="sm-819">
         <name>strlen</name>
         <value>0x12738</value>
         <object_component_ref idref="oc-6e4"/>
      </symbol>
      <symbol id="sm-822">
         <name>__mspabi_subd</name>
         <value>0x12446</value>
         <object_component_ref idref="oc-523"/>
      </symbol>
      <symbol id="sm-838">
         <name>_nop</name>
         <value>0x12790</value>
         <object_component_ref idref="oc-58f"/>
      </symbol>
      <symbol id="sm-839">
         <name>_lock</name>
         <value>0x2518</value>
         <object_component_ref idref="oc-480"/>
      </symbol>
      <symbol id="sm-83a">
         <name>_unlock</name>
         <value>0x251c</value>
         <object_component_ref idref="oc-489"/>
      </symbol>
      <symbol id="sm-85c">
         <name>__mspabi_addd</name>
         <value>0x10478</value>
         <object_component_ref idref="oc-61e"/>
      </symbol>
      <symbol id="sm-87f">
         <name>_auto_init_hold_wdt</name>
         <value>0x11e76</value>
         <object_component_ref idref="oc-406"/>
      </symbol>
      <symbol id="sm-895">
         <name>copy_in</name>
         <value>0x12042</value>
         <object_component_ref idref="oc-468"/>
      </symbol>
      <symbol id="sm-8b6">
         <name>__TI_frcaddd</name>
         <value>0x10ee4</value>
         <object_component_ref idref="oc-6a4"/>
      </symbol>
      <symbol id="sm-8c7">
         <name>__TI_frcmpyd</name>
         <value>0x109dc</value>
         <object_component_ref idref="oc-609"/>
      </symbol>
      <symbol id="sm-8dc">
         <name>__TI_renormd</name>
         <value>0x118d8</value>
         <object_component_ref idref="oc-6d9"/>
      </symbol>
      <symbol id="sm-8e5">
         <name>_system_post_cinit</name>
         <value>0x12792</value>
         <object_component_ref idref="oc-46e"/>
      </symbol>
      <symbol id="sm-8e7">
         <name>__TI_BINIT_Base</name>
         <value>0x0</value>
      </symbol>
      <symbol id="sm-8e8">
         <name>__TI_BINIT_Limit</name>
         <value>0x0</value>
      </symbol>
      <symbol id="sm-8e9">
         <name>__TI_INITARRAY_Base</name>
         <value>0x0</value>
      </symbol>
      <symbol id="sm-8ea">
         <name>__TI_INITARRAY_Limit</name>
         <value>0x0</value>
      </symbol>
   </symbol_table>
   <title>Link successful</title>
</link_info>
